// Jest Snapshot v1, https://goo.gl/fbAQLP

exports[`DG DEVCO XLS transformer Produces correct JSON output structure 1`] = `
Object {
  "action": "",
  "budget": Object {
    "eu_contrib": Object {
      "currency": "",
      "raw": "",
      "value": 0,
    },
    "funding_area": Array [],
    "mmf_heading": "",
    "other_contrib": Object {
      "currency": "",
      "raw": "",
      "value": 0,
    },
    "private_fund": Object {
      "currency": "",
      "raw": "",
      "value": 0,
    },
    "public_fund": Object {
      "currency": "",
      "raw": "",
      "value": 0,
    },
    "total_cost": Object {
      "currency": "EUR",
      "raw": 0.618036,
      "value": 618036,
    },
  },
  "call_year": "",
  "complete": true,
  "description": "Fourniture, installation, mise en SAV d'un an des équipements photovoltaïques au bénéfice de onze (11) délégations régionales du Ministère des Finances et du Budget et de trois (03) communes pilotes",
  "ec_priorities": Array [],
  "media": Array [],
  "programme_name": "EDF",
  "project_id": 100,
  "project_locations": Array [
    Object {
      "address": "",
      "centroid": null,
      "country_code": "TD",
      "location": null,
      "nuts": Array [],
      "postal_code": "",
      "region": "West Africa",
      "town": "",
    },
  ],
  "project_website": "",
  "related_links": Array [],
  "reporting_organisation": "DEVCO",
  "results": Object {
    "available": "yes",
    "result": "Direct and Inferred electricity access ('000 people): 0 
Clean cooking and fuel access ('000 people): 0 
Direct and Inferred access to energy ('000 people): 0 
Electricity from renewabes (GWh/year): 0.24528000000000005 
Reneable generation capacity (MW): 0.14 
Electricity generation capacity (MW): 0.14 
Transmission and distribution lines (km): 0 
GHG emissions avoided per year (ktons CO2eq): 0.2 
No of direct and permanent jons (construction and operation): 0 
(Access to energy): 0 
(Renewable energy generation and energy efficiency): 0.14 
(Contribution to the fight against climate change): 0.2 
1
(No of people provided with access to electricity with EU support): 0 
2
(Renewable energy production supported by the EU): 0.24528000000000005 
3
(GHG emission avoided): 0.2 
7.1.1
Percentage of population with access to electricity): 0 
7.1.2
(Proportion of population with primary reliance on clean fuels and technology): 0 
7.2.1 
Renewable energy share in the total final energy consumption): 0.24528000000000005 
7.3.1 
(Energy intensity measured in terms of primary energy and GDP): 0 
8.3.1 
(Proportion of informal employement in non-agriculture employment, by sex): 0 
",
  },
  "status": "On going",
  "sub_programme_name": "",
  "success_story": "",
  "themes": Array [],
  "third_parties": Array [],
  "timeframe": Object {
    "from": "1970-01-01T00:00:02.018Z",
    "from_precision": "year",
    "to": null,
    "to_precision": "year",
  },
  "title": "Fourniture, installation, mise en SAV d'un an des équipements photovoltaïques au bénéfice de onze (11) délégations régionales du Ministère des Finances et du Budget et de trois (03) communes pilotes (Implementing Entity: Aplicaciones Tecnicas de la Energiasl)",
  "type": Array [
    "Mini grid including generation, ",
  ],
}
`;
