// Jest Snapshot v1, https://goo.gl/fbAQLP

exports[`DG DEVCO XLS transformer Produces correct JSON output structure 1`] = `
Object {
  "action": "",
  "budget": Object {
    "devco_budget_support": Object {
      "currency": "",
      "raw": "",
      "value": 0,
    },
    "devco_equity": Object {
      "currency": "",
      "raw": "",
      "value": 0,
    },
    "devco_guarantee": Object {
      "currency": "",
      "raw": "",
      "value": 0,
    },
    "devco_interest_rate_subsidy": Object {
      "currency": "",
      "raw": "",
      "value": 0,
    },
    "devco_investment_grant": Object {
      "currency": "EUR",
      "raw": "EUR 0.618036 million",
      "value": 618036,
    },
    "devco_loan": Object {
      "currency": "",
      "raw": "",
      "value": 0,
    },
    "devco_ta": Object {
      "currency": "",
      "raw": "",
      "value": 0,
    },
    "eu_contrib": Object {
      "currency": "EUR",
      "raw": "EUR 0.618036 million",
      "value": 618036,
    },
    "funding_area": Array [],
    "mmf_heading": "",
    "other_contrib": Object {
      "currency": "",
      "raw": "",
      "value": 0,
    },
    "private_fund": Object {
      "currency": "",
      "raw": "",
      "value": 0,
    },
    "public_fund": Object {
      "currency": "",
      "raw": "",
      "value": 0,
    },
    "total_cost": Object {
      "currency": "EUR",
      "raw": "EUR 0.618036 million",
      "value": 618036,
    },
  },
  "call_year": "",
  "complete": true,
  "description": "Fourniture, installation, mise en SAV d'un an des équipements photovoltaïques au bénéfice de onze (11) délégations régionales du Ministère des Finances et du Budget et de trois (03) communes pilotes",
  "devco_cris_number": Object {
    "formatted": "",
    "raw": "2016 / 371004",
  },
  "devco_lead_investor": Object {
    "formatted": "",
    "raw": "EC",
  },
  "devco_leverage": Object {
    "formatted": "",
    "raw": 1,
  },
  "ec_priorities": Array [],
  "media": Array [],
  "programme_name": "EDF",
  "project_id": 100,
  "project_locations": Array [
    Object {
      "address": "",
      "centroid": null,
      "country_code": "TD",
      "location": null,
      "nuts": Array [],
      "postal_code": "",
      "region": "West Africa",
      "town": "",
    },
  ],
  "project_website": "",
  "related_links": Array [],
  "reporting_organisation": "DEVCO",
  "results": Object {
    "available": "yes",
    "result": "Access on grid electricity ('000 people): 0 
Access mini grid electricity ('000 people): 0 
Access off-grid electricity ('000 people): 0 
Inferred access (additional generation) ('000 people): 0 
Inferred access (cross-border transmission) ('000 people): 0 
Access to biomass/biogas clean cooking ('000 people): 0 
Access to LPG/ethanol cooking ('000 people): 0 
Electricity from renewables (GWh/year): 0.24528000000000005 
Renewable generation capacity (MW): 0.14 
Electricity from energy efficiency (liberated capacity) (MW): 0 
Transmission lines (km): 0 
Distribution lines (km): 0 
Energy Savings (MWh/year): 0 
GHG emissions avoided per year (ktons CO2eq): 0.2 
No of direct jobs person/year (construction): 0 
No of permanent jobs (operation): 0 
Direct and Inferred electricity access ('000 people): 0 
Clean cooking and fuel access ('000 people): 0 
Direct and Inferred access to energy ('000 people): 0 
Electricity from renewabes (GWh/year): 0.24528000000000005 
Reneable generation capacity (MW): 0.14 
Electricity generation capacity (MW): 0.14 
Transmission and distribution lines (km): 0 
GHG emissions avoided per year (ktons CO2eq): 0.2 
No of direct and permanent jons (construction and operation): 0 
BET1 Access to energy: 0 
BET2 Renewable energy generation and energy efficiency: 0.14 
BET3 Contribution to the fight against climate change: 0.2 
EURF 1 No of people provided with access to electricity with EU support: 0 
EURF 2 Renewable energy production supported by the EU: 0.24528000000000005 
EURF 3 GHG emission avoided: 0.2 
SDG Percentage of population with access to electricity: 0 
SDG Proportion of population with primary reliance on clean fuels and technology: 0 
SDG Renewable energy share in the total final energy consumption: 0.24528000000000005 
SDG Energy intensity measured in terms of primary energy and GDP: 0 
SDG Proportion of informal employement in non-agriculture employment, by sex: 0 
",
  },
  "status": "On going",
  "sub_programme_name": "",
  "success_story": "",
  "themes": Array [],
  "third_parties": Array [],
  "timeframe": Object {
    "from": "2018-01-01T00:00:00.000Z",
    "from_precision": "year",
    "to": null,
    "to_precision": "year",
  },
  "title": "Fourniture, installation, mise en SAV d'un an des équipements photovoltaïques au bénéfice de onze (11) délégations régionales du Ministère des Finances et du Budget et de trois (03) communes pilotes (Implementing Entity: Aplicaciones Tecnicas de la Energiasl)",
  "type": Array [
    "Mini grid including generation",
  ],
}
`;
