// Jest Snapshot v1, https://goo.gl/fbAQLP

exports[`2014tc16rfir001 XLS transformer Produces correct JSON output structure 1`] = `
Object {
  "action": "",
  "budget": Object {
    "eu_contrib": Object {
      "currency": "EUR",
      "raw": "0.85;0.85;0.85;0.85;0.85;0.75;0.75;0.85",
      "value": 1421898.4100000001,
    },
    "funding_area": Array [],
    "mmf_heading": "",
    "other_contrib": Object {
      "currency": "",
      "raw": "",
      "value": 0,
    },
    "private_fund": Object {
      "currency": "",
      "raw": "",
      "value": 0,
    },
    "public_fund": Object {
      "currency": "",
      "raw": "",
      "value": 0,
    },
    "total_cost": Object {
      "currency": "EUR",
      "raw": "301495;178585;208566.2;207546.2;212986.2;163950;187329;253691",
      "value": 1714148.5999999999,
    },
  },
  "call_year": "",
  "complete": false,
  "description": "Approved / Approuvé: Yes
Operation summary / Résumé du projet: Collaborative Digitization of  Natural and Cultural Heritage
Date of last update / Date de dernière mise à jour: 2019-04-07T06:05:27.141Z
",
  "ec_priorities": Array [
    "096 - Institutional capacity of public administrations and public services related to implementation of ERDF or actions supporting ESF institutional capacity initiatives",
  ],
  "media": Array [],
  "programme_name": "",
  "project_id": "PGI00008",
  "project_locations": Array [
    Object {
      "address": "",
      "centroid": null,
      "country_code": "BG",
      "location": null,
      "nuts": Array [],
      "postal_code": "5800",
      "region": "",
      "town": "",
    },
    Object {
      "address": "",
      "centroid": null,
      "country_code": "RO",
      "location": null,
      "nuts": Array [],
      "postal_code": "530140",
      "region": "",
      "town": "",
    },
    Object {
      "address": "",
      "centroid": null,
      "country_code": "EL",
      "location": null,
      "nuts": Array [],
      "postal_code": "46600",
      "region": "",
      "town": "",
    },
    Object {
      "address": "",
      "centroid": null,
      "country_code": "ES",
      "location": null,
      "nuts": Array [],
      "postal_code": "4000",
      "region": "",
      "town": "",
    },
    Object {
      "address": "",
      "centroid": null,
      "country_code": "IT",
      "location": null,
      "nuts": Array [],
      "postal_code": "74001",
      "region": "",
      "town": "",
    },
    Object {
      "address": "",
      "centroid": null,
      "country_code": "SI",
      "location": null,
      "nuts": Array [],
      "postal_code": "",
      "region": "",
      "town": "",
    },
    Object {
      "address": "",
      "centroid": null,
      "country_code": "EE",
      "location": null,
      "nuts": Array [],
      "postal_code": "",
      "region": "",
      "town": "",
    },
  ],
  "project_website": "",
  "related_links": Array [],
  "reporting_organisation": "Member states",
  "results": Object {
    "available": "",
    "result": "",
  },
  "status": "",
  "sub_programme_name": "",
  "success_story": "",
  "themes": Array [],
  "third_parties": Array [
    Object {
      "address": "",
      "country": "BG",
      "email": "",
      "name": "Euroregion Pleven-Olt",
      "phone": "",
      "region": "",
      "role": "",
      "type": "",
      "website": "",
    },
    Object {
      "address": "",
      "country": "RO",
      "email": "",
      "name": "Harghita County Council",
      "phone": "",
      "region": "",
      "role": "",
      "type": "",
      "website": "",
    },
    Object {
      "address": "",
      "country": "RO",
      "email": "",
      "name": "University of Patras",
      "phone": "",
      "region": "",
      "role": "",
      "type": "",
      "website": "",
    },
    Object {
      "address": "",
      "country": "EL",
      "email": "",
      "name": "ASSOCIATION OF MUNICIPALITIES OF THE RIBERA ALTA REGION",
      "phone": "",
      "region": "",
      "role": "",
      "type": "",
      "website": "",
    },
    Object {
      "address": "",
      "country": "EL",
      "email": "",
      "name": "FOUNDATION FOR RESEARCH AND INNOVATION",
      "phone": "",
      "region": "",
      "role": "",
      "type": "",
      "website": "",
    },
    Object {
      "address": "",
      "country": "ES",
      "email": "",
      "name": "BSC, Business Support Centre Ltd., Kranj, Regional Development Agency of Gorenjska",
      "phone": "",
      "region": "",
      "role": "",
      "type": "",
      "website": "",
    },
    Object {
      "address": "",
      "country": "ES",
      "email": "",
      "name": "Foundation Saint Mary the Royal of Historic Heritage",
      "phone": "",
      "region": "",
      "role": "",
      "type": "",
      "website": "",
    },
    Object {
      "address": "",
      "country": "IT",
      "email": "",
      "name": "Estonian War Museum - General Laidoner Museum",
      "phone": "",
      "region": "",
      "role": "",
      "type": "",
      "website": "",
    },
  ],
  "timeframe": Object {
    "from": "2016-03-31T21:00:00.000Z",
    "from_precision": "day",
    "to": "2021-03-30T21:00:00.000Z",
    "to_precision": "day",
  },
  "title": "CD-ETA",
  "type": Array [],
}
`;
