// Jest Snapshot v1, https://goo.gl/fbAQLP

exports[`DG FTS XLS transformer Produces correct JSON output structure 1`] = `
Object {
  "action": "",
  "budget": Object {
    "eu_contrib": Object {
      "currency": "GBP",
      "raw": "158,295,972.07€",
      "value": 158295972.07,
    },
    "funding_area": Array [
      "Grants",
    ],
    "mmf_heading": "",
    "other_contrib": Object {
      "currency": "",
      "raw": "",
      "value": 0,
    },
    "private_fund": Object {
      "currency": "",
      "raw": "",
      "value": 0,
    },
    "public_fund": Object {
      "currency": "",
      "raw": "",
      "value": 0,
    },
    "total_cost": Object {
      "currency": "",
      "raw": "",
      "value": 0,
    },
  },
  "call_year": "2017",
  "complete": true,
  "description": "Optimising the integration and interconnection of transport modes and enhancing interoperability (06.02.01.03)",
  "ec_priorities": Array [],
  "media": Array [],
  "programme_name": "Connecting Europe Facility (CEF)",
  "project_id": "SI2.765808.1",
  "project_locations": Array [
    Object {
      "address": "BRUSSELS BOULEVARD 1",
      "centroid": null,
      "country_code": "BG",
      "location": null,
      "nuts": Array [],
      "postal_code": "1540",
      "region": "",
      "town": "SOFIA",
    },
    Object {
      "address": "WAGRAMER STRASSE 19",
      "centroid": null,
      "country_code": "AT",
      "location": null,
      "nuts": Array [],
      "postal_code": "1220",
      "region": "",
      "town": "WIEN",
    },
    Object {
      "address": "HOSPITALSGATAN 30",
      "centroid": null,
      "country_code": "SE",
      "location": null,
      "nuts": Array [],
      "postal_code": "602 27",
      "region": "",
      "town": "NORRKOPING",
    },
    Object {
      "address": "LUFTHAVNSBOULEVARDEN",
      "centroid": null,
      "country_code": "DK",
      "location": null,
      "nuts": Array [],
      "postal_code": "2770",
      "region": "",
      "town": "KASTRUP",
    },
    Object {
      "address": "10 RUE MONTOYER",
      "centroid": null,
      "country_code": "BE",
      "location": null,
      "nuts": Array [],
      "postal_code": "1000",
      "region": "",
      "town": "BRUXELLES",
    },
    Object {
      "address": "LENNUJAAMA TEE 2",
      "centroid": null,
      "country_code": "EE",
      "location": null,
      "nuts": Array [],
      "postal_code": "11101",
      "region": "",
      "town": "TALLINN",
    },
    Object {
      "address": "RUDOLFA FIZIRA 2",
      "centroid": null,
      "country_code": "HR",
      "location": null,
      "nuts": Array [],
      "postal_code": "10410",
      "region": "",
      "town": "VELIKA GORICA",
    },
    Object {
      "address": "RYANAIR DUBLIN OFFICE AIRSIDE BUSIN",
      "centroid": null,
      "country_code": "IE",
      "location": null,
      "nuts": Array [],
      "postal_code": "",
      "region": "",
      "town": "SWORDS DUBLIN",
    },
    Object {
      "address": "RUA D EDIFICIO 121 AEROPORTO DE",
      "centroid": null,
      "country_code": "PT",
      "location": null,
      "nuts": Array [],
      "postal_code": "1700 008",
      "region": "",
      "town": "LISBOA",
    },
    Object {
      "address": "RODUNIOS KEL 2",
      "centroid": null,
      "country_code": "LT",
      "location": null,
      "nuts": Array [],
      "postal_code": "02188",
      "region": "",
      "town": "VILNIAUS",
    },
    Object {
      "address": "AM DFS CAMPUS 10",
      "centroid": null,
      "country_code": "DE",
      "location": null,
      "nuts": Array [],
      "postal_code": "63225",
      "region": "",
      "town": "LANGEN",
    },
    Object {
      "address": "RUE COSTE ET BELLONTE AEROPORT",
      "centroid": null,
      "country_code": "FR",
      "location": null,
      "nuts": Array [],
      "postal_code": "06206",
      "region": "",
      "town": "NICE CEDEX 3",
    },
    Object {
      "address": "NAVIAIR ALLE 1",
      "centroid": null,
      "country_code": "DK",
      "location": null,
      "nuts": Array [],
      "postal_code": "2770",
      "region": "",
      "town": "KASTRUP",
    },
    Object {
      "address": "RUA C EDIFICIO 70 AEROPORTO DE",
      "centroid": null,
      "country_code": "PT",
      "location": null,
      "nuts": Array [],
      "postal_code": "1749 078",
      "region": "",
      "town": "LISBOA",
    },
    Object {
      "address": "-",
      "centroid": null,
      "country_code": "IT",
      "location": null,
      "nuts": Array [],
      "postal_code": "",
      "region": "",
      "town": "-",
    },
    Object {
      "address": "-",
      "centroid": null,
      "country_code": "PT",
      "location": null,
      "nuts": Array [],
      "postal_code": "",
      "region": "",
      "town": "-",
    },
    Object {
      "address": "ST ANDREW STREET 17",
      "centroid": null,
      "country_code": "IE",
      "location": null,
      "nuts": Array [],
      "postal_code": "",
      "region": "",
      "town": "DUBLIN 2",
    },
    Object {
      "address": "OLYMPIC HOUSE MANCHESTER AIRPORT",
      "centroid": null,
      "country_code": "GB",
      "location": null,
      "nuts": Array [],
      "postal_code": "M90 1QX",
      "region": "",
      "town": "MANCHESTER",
    },
    Object {
      "address": "NORDALLEE 25",
      "centroid": null,
      "country_code": "DE",
      "location": null,
      "nuts": Array [],
      "postal_code": "85356",
      "region": "",
      "town": "MUNCHEN",
    },
    Object {
      "address": "LINNICHER STRASSE 48",
      "centroid": null,
      "country_code": "DE",
      "location": null,
      "nuts": Array [],
      "postal_code": "50933",
      "region": "",
      "town": "KOLN",
    },
    Object {
      "address": "LENTAJANTIE 3",
      "centroid": null,
      "country_code": "FI",
      "location": null,
      "nuts": Array [],
      "postal_code": "01530",
      "region": "",
      "town": "VANTAA",
    },
    Object {
      "address": "VIA AEROPORTO DI FIUMICINO 320",
      "centroid": null,
      "country_code": "IT",
      "location": null,
      "nuts": Array [],
      "postal_code": "00054",
      "region": "",
      "town": "FIUMICINO RM",
    },
    Object {
      "address": "SWEDAVIA",
      "centroid": null,
      "country_code": "SE",
      "location": null,
      "nuts": Array [],
      "postal_code": "190 45",
      "region": "",
      "town": "STOCKHOLM ARLANDA",
    },
    Object {
      "address": "RUE DE PARIS 45",
      "centroid": null,
      "country_code": "FR",
      "location": null,
      "nuts": Array [],
      "postal_code": "95747",
      "region": "",
      "town": "ROISSY CDG CEDEX",
    },
    Object {
      "address": "OLD TERMINAL BUILDING DUBLIN AIRPOR",
      "centroid": null,
      "country_code": "IE",
      "location": null,
      "nuts": Array [],
      "postal_code": "",
      "region": "",
      "town": "CO DUBLIN",
    },
    Object {
      "address": "INTERNATIONAL AIRPORT RIGA",
      "centroid": null,
      "country_code": "LV",
      "location": null,
      "nuts": Array [],
      "postal_code": "1053",
      "region": "",
      "town": "RIGA",
    },
    Object {
      "address": "HEATHROWSTRAAT 10",
      "centroid": null,
      "country_code": "NL",
      "location": null,
      "nuts": Array [],
      "postal_code": "1043 CH",
      "region": "",
      "town": "AMSTERDAM",
    },
    Object {
      "address": "-",
      "centroid": null,
      "country_code": "CY",
      "location": null,
      "nuts": Array [],
      "postal_code": "",
      "region": "",
      "town": "-",
    },
    Object {
      "address": "PO BOX 45439",
      "centroid": null,
      "country_code": "SE",
      "location": null,
      "nuts": Array [],
      "postal_code": "104 31",
      "region": "",
      "town": "STOCKHOLM",
    },
    Object {
      "address": "CALLE ARTURO SORIA 109",
      "centroid": null,
      "country_code": "ES",
      "location": null,
      "nuts": Array [],
      "postal_code": "28043",
      "region": "",
      "town": "MADRID",
    },
    Object {
      "address": "PRESSO AEROPORTO LINATE",
      "centroid": null,
      "country_code": "IT",
      "location": null,
      "nuts": Array [],
      "postal_code": "20090",
      "region": "",
      "town": "SEGRATE",
    },
    Object {
      "address": "FLUGHAFEN GEB 178",
      "centroid": null,
      "country_code": "DE",
      "location": null,
      "nuts": Array [],
      "postal_code": "60547",
      "region": "",
      "town": "FRANKFURT AM MAIN",
    },
    Object {
      "address": "VIA SALARIA 716",
      "centroid": null,
      "country_code": "IT",
      "location": null,
      "nuts": Array [],
      "postal_code": "00138",
      "region": "",
      "town": "ROMA",
    },
    Object {
      "address": "2551 RIVA ROAD",
      "centroid": null,
      "country_code": undefined,
      "location": null,
      "nuts": Array [],
      "postal_code": "21401",
      "region": "",
      "town": "WILMINGTON",
    },
    Object {
      "address": "..",
      "centroid": null,
      "country_code": "GR",
      "location": null,
      "nuts": Array [],
      "postal_code": "",
      "region": "",
      "town": ".",
    },
    Object {
      "address": "1 RUE DE FRANCE",
      "centroid": null,
      "country_code": "FR",
      "location": null,
      "nuts": Array [],
      "postal_code": "93290",
      "region": "",
      "town": "TREMBLAY-EN-FRANCE",
    },
    Object {
      "address": "CALLE ARTURO SORIA 109",
      "centroid": null,
      "country_code": "ES",
      "location": null,
      "nuts": Array [],
      "postal_code": "28043",
      "region": "",
      "town": "MADRID",
    },
    Object {
      "address": "WATERSIDE",
      "centroid": null,
      "country_code": "GB",
      "location": null,
      "nuts": Array [],
      "postal_code": "UB7 0GB",
      "region": "",
      "town": "HARMONDSWORTH",
    },
    Object {
      "address": "4000 PARKWAY WHITELEY",
      "centroid": null,
      "country_code": "GB",
      "location": null,
      "nuts": Array [],
      "postal_code": "PO15 7FL",
      "region": "",
      "town": "FAREHAM",
    },
    Object {
      "address": "RUE DE LA FUSEE 96",
      "centroid": null,
      "country_code": "BE",
      "location": null,
      "nuts": Array [],
      "postal_code": "1130",
      "region": "",
      "town": "BRUXELLES",
    },
    Object {
      "address": "AVENUE CIRCULAIRE 3",
      "centroid": null,
      "country_code": "BE",
      "location": null,
      "nuts": Array [],
      "postal_code": "1180",
      "region": "",
      "town": "BRUXELLES",
    },
    Object {
      "address": "3 RUE TARFAYA",
      "centroid": null,
      "country_code": "FR",
      "location": null,
      "nuts": Array [],
      "postal_code": "31400",
      "region": "",
      "town": "TOULOUSE",
    },
    Object {
      "address": "HANGAR 89",
      "centroid": null,
      "country_code": "GB",
      "location": null,
      "nuts": Array [],
      "postal_code": "LU2 9PF",
      "region": "",
      "town": "LUTON BEDFORDSHIRE",
    },
    Object {
      "address": "-",
      "centroid": null,
      "country_code": "FR",
      "location": null,
      "nuts": Array [],
      "postal_code": "",
      "region": "",
      "town": "-",
    },
    Object {
      "address": "FLUGHAFENSTRASSE 120",
      "centroid": null,
      "country_code": "DE",
      "location": null,
      "nuts": Array [],
      "postal_code": "40474",
      "region": "",
      "town": "DUSSELDORF",
    },
    Object {
      "address": "EDIFICIO 25 DO AEROPORTO DE LISBOA",
      "centroid": null,
      "country_code": "PT",
      "location": null,
      "nuts": Array [],
      "postal_code": "1700 008",
      "region": "",
      "town": "LISBOA",
    },
    Object {
      "address": "AUGUST REYERSLAAN 80",
      "centroid": null,
      "country_code": "BE",
      "location": null,
      "nuts": Array [],
      "postal_code": "1030",
      "region": "",
      "town": "BRUSSEL",
    },
    Object {
      "address": "STATIONSPLEIN ZUID WEST 1001",
      "centroid": null,
      "country_code": "NL",
      "location": null,
      "nuts": Array [],
      "postal_code": "1117 2T",
      "region": "",
      "town": "SCHIPHOL",
    },
    Object {
      "address": "WIEDNER HAUPTSTRASSE 120 124 5 3",
      "centroid": null,
      "country_code": "AT",
      "location": null,
      "nuts": Array [],
      "postal_code": "1050",
      "region": "",
      "town": "WIEN",
    },
    Object {
      "address": "KOYNIKOVA 19A",
      "centroid": null,
      "country_code": "SI",
      "location": null,
      "nuts": Array [],
      "postal_code": "1000",
      "region": "",
      "town": "LJUBLJANA",
    },
    Object {
      "address": "UL. WIEZOWA 8",
      "centroid": null,
      "country_code": "PL",
      "location": null,
      "nuts": Array [],
      "postal_code": "02 147",
      "region": "",
      "town": "WARSZAWA",
    },
    Object {
      "address": "MALTA INTERNATIONAL AIRPORT",
      "centroid": null,
      "country_code": "MT",
      "location": null,
      "nuts": Array [],
      "postal_code": "LQA 05",
      "region": "",
      "town": "LUQA",
    },
    Object {
      "address": "IGLO UTCA 33 35",
      "centroid": null,
      "country_code": "HU",
      "location": null,
      "nuts": Array [],
      "postal_code": "1185",
      "region": "",
      "town": "BUDAPEST",
    },
    Object {
      "address": "-",
      "centroid": null,
      "country_code": "ES",
      "location": null,
      "nuts": Array [],
      "postal_code": "",
      "region": "",
      "town": "-",
    },
    Object {
      "address": "EVERT VAN DE BEEKSTRAAT 202",
      "centroid": null,
      "country_code": "NL",
      "location": null,
      "nuts": Array [],
      "postal_code": "1118 CP",
      "region": "",
      "town": "LUCHTHAVEN SCHIPHOL",
    },
    Object {
      "address": "ZGORNJI BRNIK 130N",
      "centroid": null,
      "country_code": "SI",
      "location": null,
      "nuts": Array [],
      "postal_code": "4210",
      "region": "",
      "town": "ZGORNJI BRNIK",
    },
    Object {
      "address": "IVANSKA CESTA 93",
      "centroid": null,
      "country_code": "SK",
      "location": null,
      "nuts": Array [],
      "postal_code": "823 07",
      "region": "",
      "town": "BRATISLAVA",
    },
    Object {
      "address": "DOLIER STREET 11-12 THE TIMES",
      "centroid": null,
      "country_code": "IE",
      "location": null,
      "nuts": Array [],
      "postal_code": "2",
      "region": "",
      "town": "DUBLIN",
    },
  ],
  "project_website": "",
  "related_links": Array [],
  "reporting_organisation": "BUDG",
  "results": Object {
    "available": "",
    "result": "",
  },
  "status": "",
  "sub_programme_name": "",
  "success_story": "",
  "themes": Array [],
  "third_parties": Array [
    Object {
      "address": "BRUSSELS BOULEVARD 1",
      "country": "BG",
      "email": "",
      "name": "DARJAVNO PREDPRIYATIE RAKOVODSTVO NA VAZDUSHNOTO DVIJENIE TPP*BULGARIAN STATE ENTERPRISE AIR TRAFFIC SERVICES AUTHORITY BULATSA",
      "phone": "",
      "region": "",
      "role": "participant",
      "type": "beneficiary",
      "website": "",
    },
    Object {
      "address": "WAGRAMER STRASSE 19",
      "country": "AT",
      "email": "",
      "name": "AUSTRO CONTROL OSTERREICHISCHE GESELLSCHAFT FUR ZIVILLUFTFAHRT MBH",
      "phone": "",
      "region": "",
      "role": "participant",
      "type": "beneficiary",
      "website": "",
    },
    Object {
      "address": "HOSPITALSGATAN 30",
      "country": "SE",
      "email": "",
      "name": "LUFTFARTSVERKET*SWEDISH CIVIL AVIATION ADMINISTRATION",
      "phone": "",
      "region": "",
      "role": "participant",
      "type": "beneficiary",
      "website": "",
    },
    Object {
      "address": "LUFTHAVNSBOULEVARDEN",
      "country": "DK",
      "email": "",
      "name": "KOBENHAVNS LUFTHAVNE AS*COPENHAGENAIRPORTS AS CPH PARKERING AS",
      "phone": "",
      "region": "",
      "role": "participant",
      "type": "beneficiary",
      "website": "",
    },
    Object {
      "address": "10 RUE MONTOYER",
      "country": "BE",
      "email": "",
      "name": "SESAR RELATED DEPLOYMENT AIRPORT OPERATORS GROUPING*",
      "phone": "",
      "region": "",
      "role": "participant",
      "type": "beneficiary",
      "website": "",
    },
    Object {
      "address": "LENNUJAAMA TEE 2",
      "country": "EE",
      "email": "",
      "name": "LENNULIIKLUSTEENINDUSE AS*ESTONIANANS",
      "phone": "",
      "region": "",
      "role": "participant",
      "type": "beneficiary",
      "website": "",
    },
    Object {
      "address": "RUDOLFA FIZIRA 2",
      "country": "HR",
      "email": "",
      "name": "HRVATSKA KONTROLA ZRACNE PLOVIDBE DOO*CROATIA CONTROL, CROATIAN AIR NAVIGATION SERVICES LIMITED",
      "phone": "",
      "region": "",
      "role": "participant",
      "type": "beneficiary",
      "website": "",
    },
    Object {
      "address": "RYANAIR DUBLIN OFFICE AIRSIDE BUSIN",
      "country": "IE",
      "email": "",
      "name": "RYANAIR DESIGNATED ACTIVITY COMPANY",
      "phone": "",
      "region": "",
      "role": "participant",
      "type": "beneficiary",
      "website": "",
    },
    Object {
      "address": "RUA D EDIFICIO 121 AEROPORTO DE",
      "country": "PT",
      "email": "",
      "name": "NAVEGACAO AEREA DE PORTUGAL - NAV PORTUGAL EPE*",
      "phone": "",
      "region": "",
      "role": "participant",
      "type": "beneficiary",
      "website": "",
    },
    Object {
      "address": "RODUNIOS KEL 2",
      "country": "LT",
      "email": "",
      "name": "VALSTYBES IMONE ORO NAVIGACIJA",
      "phone": "",
      "region": "",
      "role": "participant",
      "type": "beneficiary",
      "website": "",
    },
    Object {
      "address": "AM DFS CAMPUS 10",
      "country": "DE",
      "email": "",
      "name": "DFS DEUTSCHE FLUGSICHERUNG GMBH*",
      "phone": "",
      "region": "",
      "role": "participant",
      "type": "beneficiary",
      "website": "",
    },
    Object {
      "address": "RUE COSTE ET BELLONTE AEROPORT",
      "country": "FR",
      "email": "",
      "name": "AEROPORTS DE LA COTE D AZUR SA*ACA",
      "phone": "",
      "region": "",
      "role": "participant",
      "type": "beneficiary",
      "website": "",
    },
    Object {
      "address": "NAVIAIR ALLE 1",
      "country": "DK",
      "email": "",
      "name": "NAVIAIR*",
      "phone": "",
      "region": "",
      "role": "participant",
      "type": "beneficiary",
      "website": "",
    },
    Object {
      "address": "RUA C EDIFICIO 70 AEROPORTO DE",
      "country": "PT",
      "email": "",
      "name": "PORTUGALIA - COMPANHIA PORTUGUESA DE TRANSPORTES AEREOS SA*PORTUGALIAAIRLINES PGA",
      "phone": "",
      "region": "",
      "role": "participant",
      "type": "beneficiary",
      "website": "",
    },
    Object {
      "address": "-",
      "country": "IT",
      "email": "",
      "name": "REPUBBLICA ITALIANA* REPUBLIQUE ITALIENNE ITALIAN REPUBLIC",
      "phone": "",
      "region": "",
      "role": "participant",
      "type": "beneficiary",
      "website": "",
    },
    Object {
      "address": "-",
      "country": "PT",
      "email": "",
      "name": "REPUBLICA PORTUGUESA*REPUBLIQUEPORTUGAISE REPUBLIC OF PORTUGAL",
      "phone": "",
      "region": "",
      "role": "participant",
      "type": "beneficiary",
      "website": "",
    },
    Object {
      "address": "ST ANDREW STREET 17",
      "country": "IE",
      "email": "",
      "name": "THE ENVIRONMENTAL INFORMATION SERVICE*DEPARTMENT OF ENVIRONMENTAL HERIITAGE AND LOCAL GOVERNMENT ENFO",
      "phone": "",
      "region": "",
      "role": "participant",
      "type": "beneficiary",
      "website": "",
    },
    Object {
      "address": "OLYMPIC HOUSE MANCHESTER AIRPORT",
      "country": "GB",
      "email": "",
      "name": "THE MANCHESTER AIRPORT GROUP PLC*MAAG",
      "phone": "",
      "region": "",
      "role": "participant",
      "type": "beneficiary",
      "website": "",
    },
    Object {
      "address": "NORDALLEE 25",
      "country": "DE",
      "email": "",
      "name": "FLUGHAFEN MUNCHEN GMBH*FMG",
      "phone": "",
      "region": "",
      "role": "participant",
      "type": "beneficiary",
      "website": "",
    },
    Object {
      "address": "LINNICHER STRASSE 48",
      "country": "DE",
      "email": "",
      "name": "DEUTSCHE LUFTHANSA AKTIENGESELLSCHAFT",
      "phone": "",
      "region": "",
      "role": "participant",
      "type": "beneficiary",
      "website": "",
    },
    Object {
      "address": "LENTAJANTIE 3",
      "country": "FI",
      "email": "",
      "name": "FINAVIA OYJ*FINAVIA ABP FINAVIA CORPORATION",
      "phone": "",
      "region": "",
      "role": "participant",
      "type": "beneficiary",
      "website": "",
    },
    Object {
      "address": "VIA AEROPORTO DI FIUMICINO 320",
      "country": "IT",
      "email": "",
      "name": "AEROPORTI DI ROMA SPA*ADR",
      "phone": "",
      "region": "",
      "role": "participant",
      "type": "beneficiary",
      "website": "",
    },
    Object {
      "address": "SWEDAVIA",
      "country": "SE",
      "email": "",
      "name": "SWEDAVIA AB",
      "phone": "",
      "region": "",
      "role": "participant",
      "type": "beneficiary",
      "website": "",
    },
    Object {
      "address": "RUE DE PARIS 45",
      "country": "FR",
      "email": "",
      "name": "AIR FRANCE SA*",
      "phone": "",
      "region": "",
      "role": "participant",
      "type": "beneficiary",
      "website": "",
    },
    Object {
      "address": "OLD TERMINAL BUILDING DUBLIN AIRPOR",
      "country": "IE",
      "email": "",
      "name": "DAA PUBLIC LIMITED COMPANY",
      "phone": "",
      "region": "",
      "role": "participant",
      "type": "beneficiary",
      "website": "",
    },
    Object {
      "address": "INTERNATIONAL AIRPORT RIGA",
      "country": "LV",
      "email": "",
      "name": "LATVIJAS GAISA SATIKSME AKCIJU SABIEDRIBA*LGS",
      "phone": "",
      "region": "",
      "role": "participant",
      "type": "beneficiary",
      "website": "",
    },
    Object {
      "address": "HEATHROWSTRAAT 10",
      "country": "NL",
      "email": "",
      "name": "SITA INFORMATION NETWORKING COMPUTING BV",
      "phone": "",
      "region": "",
      "role": "participant",
      "type": "beneficiary",
      "website": "",
    },
    Object {
      "address": "-",
      "country": "CY",
      "email": "",
      "name": "KYPRIAKI DIMOKRATIA*REPUBLIQUE DECHYPRE REPUBLIC OF CYPRUS KIBRIS CUMHURIYETI",
      "phone": "",
      "region": "",
      "role": "participant",
      "type": "beneficiary",
      "website": "",
    },
    Object {
      "address": "PO BOX 45439",
      "country": "SE",
      "email": "",
      "name": "NOVA AIRLINES AB*",
      "phone": "",
      "region": "",
      "role": "participant",
      "type": "beneficiary",
      "website": "",
    },
    Object {
      "address": "CALLE ARTURO SORIA 109",
      "country": "ES",
      "email": "",
      "name": "ENAIRE*ENTIDAD PUBLICA EMPRESARIALENAIRE",
      "phone": "",
      "region": "",
      "role": "participant",
      "type": "beneficiary",
      "website": "",
    },
    Object {
      "address": "PRESSO AEROPORTO LINATE",
      "country": "IT",
      "email": "",
      "name": "SOCIETA PER AZIONI ESERCIZI AEROPORTUALI SEA SPA*",
      "phone": "",
      "region": "",
      "role": "participant",
      "type": "beneficiary",
      "website": "",
    },
    Object {
      "address": "FLUGHAFEN GEB 178",
      "country": "DE",
      "email": "",
      "name": "FRAPORT AG FRANKFURT AIRPORT SERVICES WORLDWIDE",
      "phone": "",
      "region": "",
      "role": "participant",
      "type": "beneficiary",
      "website": "",
    },
    Object {
      "address": "VIA SALARIA 716",
      "country": "IT",
      "email": "",
      "name": "ENAV SPA*",
      "phone": "",
      "region": "",
      "role": "participant",
      "type": "beneficiary",
      "website": "",
    },
    Object {
      "address": "2551 RIVA ROAD",
      "country": undefined,
      "email": "",
      "name": "ARINC INCORPORATED",
      "phone": "",
      "region": "",
      "role": "participant",
      "type": "beneficiary",
      "website": "",
    },
    Object {
      "address": "..",
      "country": "GR",
      "email": "",
      "name": "ELLINIKI DIMOKRATIA* REPUBLIQUE HELLENIQUE HELLENIC REPUBLIC",
      "phone": "",
      "region": "",
      "role": "participant",
      "type": "beneficiary",
      "website": "",
    },
    Object {
      "address": "1 RUE DE FRANCE",
      "country": "FR",
      "email": "",
      "name": "AEROPORTS DE PARIS SA",
      "phone": "",
      "region": "",
      "role": "participant",
      "type": "beneficiary",
      "website": "",
    },
    Object {
      "address": "CALLE ARTURO SORIA 109",
      "country": "ES",
      "email": "",
      "name": "AENA S.M.E.*AENA SME",
      "phone": "",
      "region": "",
      "role": "participant",
      "type": "beneficiary",
      "website": "",
    },
    Object {
      "address": "WATERSIDE",
      "country": "GB",
      "email": "",
      "name": "BRITISH AIRWAYS PLC*",
      "phone": "",
      "region": "",
      "role": "participant",
      "type": "beneficiary",
      "website": "",
    },
    Object {
      "address": "4000 PARKWAY WHITELEY",
      "country": "GB",
      "email": "",
      "name": "NATS (EN ROUTE) PUBLIC LIMITED COMPANY*NERL",
      "phone": "",
      "region": "",
      "role": "coordinator",
      "type": "",
      "website": "",
    },
    Object {
      "address": "RUE DE LA FUSEE 96",
      "country": "BE",
      "email": "",
      "name": "EUROPEAN ORGANISATION FOR THE SAFETY OF AIR NAVIGATION*EUROCONTROL ORGANISATION EUROPEENNE POUR LA SECURITE DE LA NAVIGATION AERIENNE",
      "phone": "",
      "region": "",
      "role": "participant",
      "type": "beneficiary",
      "website": "",
    },
    Object {
      "address": "AVENUE CIRCULAIRE 3",
      "country": "BE",
      "email": "",
      "name": "EUMETNET GROUPEMENT D INTERET ECONOMIQUE*",
      "phone": "",
      "region": "",
      "role": "participant",
      "type": "beneficiary",
      "website": "",
    },
    Object {
      "address": "3 RUE TARFAYA",
      "country": "FR",
      "email": "",
      "name": "EUROPEAN SATELLITE SERVICES PROVIDER",
      "phone": "",
      "region": "",
      "role": "participant",
      "type": "beneficiary",
      "website": "",
    },
    Object {
      "address": "HANGAR 89",
      "country": "GB",
      "email": "",
      "name": "EASYJET AIRLINE COMPANY LIMITED*",
      "phone": "",
      "region": "",
      "role": "participant",
      "type": "beneficiary",
      "website": "",
    },
    Object {
      "address": "-",
      "country": "FR",
      "email": "",
      "name": "REPUBLIQUE FRANCAISE*FRENCH REPUBLIC",
      "phone": "",
      "region": "",
      "role": "participant",
      "type": "beneficiary",
      "website": "",
    },
    Object {
      "address": "FLUGHAFENSTRASSE 120",
      "country": "DE",
      "email": "",
      "name": "FLUGHAFEN DUSSELDORF GMBH",
      "phone": "",
      "region": "",
      "role": "participant",
      "type": "beneficiary",
      "website": "",
    },
    Object {
      "address": "EDIFICIO 25 DO AEROPORTO DE LISBOA",
      "country": "PT",
      "email": "",
      "name": "TRANSPORTES AEREOS PORTUGUESES SA",
      "phone": "",
      "region": "",
      "role": "participant",
      "type": "beneficiary",
      "website": "",
    },
    Object {
      "address": "AUGUST REYERSLAAN 80",
      "country": "BE",
      "email": "",
      "name": "BRUSSELS AIRPORT COMPANY",
      "phone": "",
      "region": "",
      "role": "participant",
      "type": "beneficiary",
      "website": "",
    },
    Object {
      "address": "STATIONSPLEIN ZUID WEST 1001",
      "country": "NL",
      "email": "",
      "name": "LUCHTVERKEERSLEIDING NEDERLAND*AIRTRAFFIC CONTROL THE NETHERLANDS",
      "phone": "",
      "region": "",
      "role": "participant",
      "type": "beneficiary",
      "website": "",
    },
    Object {
      "address": "WIEDNER HAUPTSTRASSE 120 124 5 3",
      "country": "AT",
      "email": "",
      "name": "SABRE AUSTRIA GMBH",
      "phone": "",
      "region": "",
      "role": "participant",
      "type": "beneficiary",
      "website": "",
    },
    Object {
      "address": "KOYNIKOVA 19A",
      "country": "SI",
      "email": "",
      "name": "KONTROLA ZRACNEGA PROMETA SLOVENIJE DOO*SLOVENIA CONTROL SLOVENIAN AIR NAVIGATION SERVICES LIMITED SLO",
      "phone": "",
      "region": "",
      "role": "participant",
      "type": "beneficiary",
      "website": "",
    },
    Object {
      "address": "UL. WIEZOWA 8",
      "country": "PL",
      "email": "",
      "name": "POLSKA AGENCJA ZEGLUGI POWIETRZNEJ*POLISH AIR NAVIGATION SERVICES AGENCY PANSA",
      "phone": "",
      "region": "",
      "role": "participant",
      "type": "beneficiary",
      "website": "",
    },
    Object {
      "address": "MALTA INTERNATIONAL AIRPORT",
      "country": "MT",
      "email": "",
      "name": "MALTA AIR TRAFFIC SERVICES LIMITED*MATS",
      "phone": "",
      "region": "",
      "role": "participant",
      "type": "beneficiary",
      "website": "",
    },
    Object {
      "address": "IGLO UTCA 33 35",
      "country": "HU",
      "email": "",
      "name": "HUNGAROCONTROL MAGYAR LEGIFORGALMISZOLGALAT ZARTKORUEN MUKODO RESZVENYTARSASAG*HUNGAROCONTROL HUNGARIANAIR NAVIGATION SERVICES PRIVATE LIM",
      "phone": "",
      "region": "",
      "role": "participant",
      "type": "beneficiary",
      "website": "",
    },
    Object {
      "address": "-",
      "country": "ES",
      "email": "",
      "name": "REINO DE ESPANA*ROYAUME D ESPAGNEKINGDOM OF SPAIN",
      "phone": "",
      "region": "",
      "role": "participant",
      "type": "beneficiary",
      "website": "",
    },
    Object {
      "address": "EVERT VAN DE BEEKSTRAAT 202",
      "country": "NL",
      "email": "",
      "name": "SCHIPHOL NEDERLAND BV*",
      "phone": "",
      "region": "",
      "role": "participant",
      "type": "beneficiary",
      "website": "",
    },
    Object {
      "address": "ZGORNJI BRNIK 130N",
      "country": "SI",
      "email": "",
      "name": "FABCE, LETALSKE STORITVE, DOO*FABCE,AVIATION SERVICES, LTD",
      "phone": "",
      "region": "",
      "role": "participant",
      "type": "beneficiary",
      "website": "",
    },
    Object {
      "address": "IVANSKA CESTA 93",
      "country": "SK",
      "email": "",
      "name": "LETOVE PREVADZKOVE SLUZBY SLOVENSKEJ REPUBLIKY, STATNY PODNIK",
      "phone": "",
      "region": "",
      "role": "participant",
      "type": "beneficiary",
      "website": "",
    },
    Object {
      "address": "DOLIER STREET 11-12 THE TIMES",
      "country": "IE",
      "email": "",
      "name": "UDARAS EITLIOCHTA NA HEIREANN THE IRISH AVIATION AUTHORITY",
      "phone": "",
      "region": "",
      "role": "participant",
      "type": "beneficiary",
      "website": "",
    },
  ],
  "timeframe": Object {
    "from": null,
    "from_precision": "year",
    "to": null,
    "to_precision": "year",
  },
  "title": "2016-EU-TM-0117-M - INEA/CEF/TRAN/M2016/1349619 - SESAR DEPLOYMENT PROGRAMME IMPLEMENTATION 2016  CLUSTER 1: GENERAL",
  "type": Array [],
}
`;
