// Jest Snapshot v1, https://goo.gl/fbAQLP

exports[`DG FTS XLS transformer Produces correct JSON output structure 1`] = `
Object {
  "action": "",
  "budget": Object {
    "eu_contrib": Object {
      "currency": "EUR",
      "raw": "158,295,972.07€",
      "value": 158295972.07,
    },
    "funding_area": Array [
      "Grants",
    ],
    "mmf_heading": "",
    "other_contrib": Object {
      "currency": "",
      "raw": "",
      "value": 0,
    },
    "private_fund": Object {
      "currency": "",
      "raw": "",
      "value": 0,
    },
    "public_fund": Object {
      "currency": "",
      "raw": "",
      "value": 0,
    },
    "total_cost": Object {
      "currency": "",
      "raw": "",
      "value": 0,
    },
  },
  "call_year": "2017",
  "complete": true,
  "description": "Optimising the integration and interconnection of transport modes and enhancing interoperability (06.02.01.03)",
  "ec_priorities": Array [],
  "media": Array [],
  "programme_name": "Connecting Europe Facility (CEF)",
  "project_id": "SI2.765808.1",
  "project_locations": Array [
    Object {
      "address": "BRUSSELS BOULEVARD 1",
      "centroid": null,
      "country_code": "BG",
      "location": null,
      "nuts": Array [],
      "postal_code": "1540",
      "region": "",
      "town": "SOFIA",
    },
    Object {
      "address": "WAGRAMER STRASSE 19",
      "centroid": null,
      "country_code": "AT",
      "location": null,
      "nuts": Array [],
      "postal_code": "1220",
      "region": "",
      "town": "WIEN",
    },
    Object {
      "address": "HOSPITALSGATAN 30",
      "centroid": null,
      "country_code": "SE",
      "location": null,
      "nuts": Array [],
      "postal_code": "602 27",
      "region": "",
      "town": "NORRKOPING",
    },
    Object {
      "address": "LUFTHAVNSBOULEVARDEN",
      "centroid": null,
      "country_code": "DK",
      "location": null,
      "nuts": Array [],
      "postal_code": "2770",
      "region": "",
      "town": "KASTRUP",
    },
    Object {
      "address": "10 RUE MONTOYER",
      "centroid": null,
      "country_code": "BE",
      "location": null,
      "nuts": Array [],
      "postal_code": "1000",
      "region": "",
      "town": "BRUXELLES",
    },
    Object {
      "address": "LENNUJAAMA TEE 2",
      "centroid": null,
      "country_code": "EE",
      "location": null,
      "nuts": Array [],
      "postal_code": "11101",
      "region": "",
      "town": "TALLINN",
    },
    Object {
      "address": "RUDOLFA FIZIRA 2",
      "centroid": null,
      "country_code": "HR",
      "location": null,
      "nuts": Array [],
      "postal_code": "10410",
      "region": "",
      "town": "VELIKA GORICA",
    },
    Object {
      "address": "RYANAIR DUBLIN OFFICE AIRSIDE BUSIN",
      "centroid": null,
      "country_code": "IE",
      "location": null,
      "nuts": Array [],
      "postal_code": "",
      "region": "",
      "town": "SWORDS DUBLIN",
    },
    Object {
      "address": "RUA D EDIFICIO 121 AEROPORTO DE",
      "centroid": null,
      "country_code": "PT",
      "location": null,
      "nuts": Array [],
      "postal_code": "1700 008",
      "region": "",
      "town": "LISBOA",
    },
    Object {
      "address": "RODUNIOS KEL 2",
      "centroid": null,
      "country_code": "LT",
      "location": null,
      "nuts": Array [],
      "postal_code": "02188",
      "region": "",
      "town": "VILNIAUS",
    },
    Object {
      "address": "AM DFS CAMPUS 10",
      "centroid": null,
      "country_code": "DE",
      "location": null,
      "nuts": Array [],
      "postal_code": "63225",
      "region": "",
      "town": "LANGEN",
    },
    Object {
      "address": "RUE COSTE ET BELLONTE AEROPORT",
      "centroid": null,
      "country_code": "FR",
      "location": null,
      "nuts": Array [],
      "postal_code": "06206",
      "region": "",
      "town": "NICE CEDEX 3",
    },
    Object {
      "address": "NAVIAIR ALLE 1",
      "centroid": null,
      "country_code": "DK",
      "location": null,
      "nuts": Array [],
      "postal_code": "2770",
      "region": "",
      "town": "KASTRUP",
    },
    Object {
      "address": "RUA C EDIFICIO 70 AEROPORTO DE",
      "centroid": null,
      "country_code": "PT",
      "location": null,
      "nuts": Array [],
      "postal_code": "1749 078",
      "region": "",
      "town": "LISBOA",
    },
    Object {
      "address": "-",
      "centroid": null,
      "country_code": "IT",
      "location": null,
      "nuts": Array [],
      "postal_code": "",
      "region": "",
      "town": "-",
    },
    Object {
      "address": "-",
      "centroid": null,
      "country_code": "PT",
      "location": null,
      "nuts": Array [],
      "postal_code": "",
      "region": "",
      "town": "-",
    },
    Object {
      "address": "ST ANDREW STREET 17",
      "centroid": null,
      "country_code": "IE",
      "location": null,
      "nuts": Array [],
      "postal_code": "",
      "region": "",
      "town": "DUBLIN 2",
    },
    Object {
      "address": "OLYMPIC HOUSE MANCHESTER AIRPORT",
      "centroid": null,
      "country_code": "GB",
      "location": null,
      "nuts": Array [],
      "postal_code": "M90 1QX",
      "region": "",
      "town": "MANCHESTER",
    },
    Object {
      "address": "NORDALLEE 25",
      "centroid": null,
      "country_code": "DE",
      "location": null,
      "nuts": Array [],
      "postal_code": "85356",
      "region": "",
      "town": "MUNCHEN",
    },
    Object {
      "address": "LINNICHER STRASSE 48",
      "centroid": null,
      "country_code": "DE",
      "location": null,
      "nuts": Array [],
      "postal_code": "50933",
      "region": "",
      "town": "KOLN",
    },
    Object {
      "address": "LENTAJANTIE 3",
      "centroid": null,
      "country_code": "FI",
      "location": null,
      "nuts": Array [],
      "postal_code": "01530",
      "region": "",
      "town": "VANTAA",
    },
    Object {
      "address": "VIA AEROPORTO DI FIUMICINO 320",
      "centroid": null,
      "country_code": "IT",
      "location": null,
      "nuts": Array [],
      "postal_code": "00054",
      "region": "",
      "town": "FIUMICINO RM",
    },
    Object {
      "address": "SWEDAVIA",
      "centroid": null,
      "country_code": "SE",
      "location": null,
      "nuts": Array [],
      "postal_code": "190 45",
      "region": "",
      "town": "STOCKHOLM ARLANDA",
    },
    Object {
      "address": "RUE DE PARIS 45",
      "centroid": null,
      "country_code": "FR",
      "location": null,
      "nuts": Array [],
      "postal_code": "95747",
      "region": "",
      "town": "ROISSY CDG CEDEX",
    },
    Object {
      "address": "OLD TERMINAL BUILDING DUBLIN AIRPOR",
      "centroid": null,
      "country_code": "IE",
      "location": null,
      "nuts": Array [],
      "postal_code": "",
      "region": "",
      "town": "CO DUBLIN",
    },
    Object {
      "address": "INTERNATIONAL AIRPORT RIGA",
      "centroid": null,
      "country_code": "LV",
      "location": null,
      "nuts": Array [],
      "postal_code": "1053",
      "region": "",
      "town": "RIGA",
    },
    Object {
      "address": "HEATHROWSTRAAT 10",
      "centroid": null,
      "country_code": "NL",
      "location": null,
      "nuts": Array [],
      "postal_code": "1043 CH",
      "region": "",
      "town": "AMSTERDAM",
    },
    Object {
      "address": "-",
      "centroid": null,
      "country_code": "CY",
      "location": null,
      "nuts": Array [],
      "postal_code": "",
      "region": "",
      "town": "-",
    },
    Object {
      "address": "PO BOX 45439",
      "centroid": null,
      "country_code": "SE",
      "location": null,
      "nuts": Array [],
      "postal_code": "104 31",
      "region": "",
      "town": "STOCKHOLM",
    },
    Object {
      "address": "CALLE ARTURO SORIA 109",
      "centroid": null,
      "country_code": "ES",
      "location": null,
      "nuts": Array [],
      "postal_code": "28043",
      "region": "",
      "town": "MADRID",
    },
    Object {
      "address": "PRESSO AEROPORTO LINATE",
      "centroid": null,
      "country_code": "IT",
      "location": null,
      "nuts": Array [],
      "postal_code": "20090",
      "region": "",
      "town": "SEGRATE",
    },
    Object {
      "address": "FLUGHAFEN GEB 178",
      "centroid": null,
      "country_code": "DE",
      "location": null,
      "nuts": Array [],
      "postal_code": "60547",
      "region": "",
      "town": "FRANKFURT AM MAIN",
    },
    Object {
      "address": "VIA SALARIA 716",
      "centroid": null,
      "country_code": "IT",
      "location": null,
      "nuts": Array [],
      "postal_code": "00138",
      "region": "",
      "town": "ROMA",
    },
    Object {
      "address": "2551 RIVA ROAD",
      "centroid": null,
      "country_code": undefined,
      "location": null,
      "nuts": Array [],
      "postal_code": "21401",
      "region": "",
      "town": "WILMINGTON",
    },
    Object {
      "address": "..",
      "centroid": null,
      "country_code": "GR",
      "location": null,
      "nuts": Array [],
      "postal_code": "",
      "region": "",
      "town": ".",
    },
    Object {
      "address": "1 RUE DE FRANCE",
      "centroid": null,
      "country_code": "FR",
      "location": null,
      "nuts": Array [],
      "postal_code": "93290",
      "region": "",
      "town": "TREMBLAY-EN-FRANCE",
    },
    Object {
      "address": "CALLE ARTURO SORIA 109",
      "centroid": null,
      "country_code": "ES",
      "location": null,
      "nuts": Array [],
      "postal_code": "28043",
      "region": "",
      "town": "MADRID",
    },
    Object {
      "address": "WATERSIDE",
      "centroid": null,
      "country_code": "GB",
      "location": null,
      "nuts": Array [],
      "postal_code": "UB7 0GB",
      "region": "",
      "town": "HARMONDSWORTH",
    },
    Object {
      "address": "4000 PARKWAY WHITELEY",
      "centroid": null,
      "country_code": "GB",
      "location": null,
      "nuts": Array [],
      "postal_code": "PO15 7FL",
      "region": "",
      "town": "FAREHAM",
    },
    Object {
      "address": "RUE DE LA FUSEE 96",
      "centroid": null,
      "country_code": "BE",
      "location": null,
      "nuts": Array [],
      "postal_code": "1130",
      "region": "",
      "town": "BRUXELLES",
    },
    Object {
      "address": "AVENUE CIRCULAIRE 3",
      "centroid": null,
      "country_code": "BE",
      "location": null,
      "nuts": Array [],
      "postal_code": "1180",
      "region": "",
      "town": "BRUXELLES",
    },
    Object {
      "address": "3 RUE TARFAYA",
      "centroid": null,
      "country_code": "FR",
      "location": null,
      "nuts": Array [],
      "postal_code": "31400",
      "region": "",
      "town": "TOULOUSE",
    },
    Object {
      "address": "HANGAR 89",
      "centroid": null,
      "country_code": "GB",
      "location": null,
      "nuts": Array [],
      "postal_code": "LU2 9PF",
      "region": "",
      "town": "LUTON BEDFORDSHIRE",
    },
    Object {
      "address": "-",
      "centroid": null,
      "country_code": "FR",
      "location": null,
      "nuts": Array [],
      "postal_code": "",
      "region": "",
      "town": "-",
    },
    Object {
      "address": "FLUGHAFENSTRASSE 120",
      "centroid": null,
      "country_code": "DE",
      "location": null,
      "nuts": Array [],
      "postal_code": "40474",
      "region": "",
      "town": "DUSSELDORF",
    },
    Object {
      "address": "EDIFICIO 25 DO AEROPORTO DE LISBOA",
      "centroid": null,
      "country_code": "PT",
      "location": null,
      "nuts": Array [],
      "postal_code": "1700 008",
      "region": "",
      "town": "LISBOA",
    },
    Object {
      "address": "AUGUST REYERSLAAN 80",
      "centroid": null,
      "country_code": "BE",
      "location": null,
      "nuts": Array [],
      "postal_code": "1030",
      "region": "",
      "town": "BRUSSEL",
    },
    Object {
      "address": "STATIONSPLEIN ZUID WEST 1001",
      "centroid": null,
      "country_code": "NL",
      "location": null,
      "nuts": Array [],
      "postal_code": "1117 2T",
      "region": "",
      "town": "SCHIPHOL",
    },
    Object {
      "address": "WIEDNER HAUPTSTRASSE 120 124 5 3",
      "centroid": null,
      "country_code": "AT",
      "location": null,
      "nuts": Array [],
      "postal_code": "1050",
      "region": "",
      "town": "WIEN",
    },
    Object {
      "address": "KOYNIKOVA 19A",
      "centroid": null,
      "country_code": "SI",
      "location": null,
      "nuts": Array [],
      "postal_code": "1000",
      "region": "",
      "town": "LJUBLJANA",
    },
    Object {
      "address": "UL. WIEZOWA 8",
      "centroid": null,
      "country_code": "PL",
      "location": null,
      "nuts": Array [],
      "postal_code": "02 147",
      "region": "",
      "town": "WARSZAWA",
    },
    Object {
      "address": "MALTA INTERNATIONAL AIRPORT",
      "centroid": null,
      "country_code": "MT",
      "location": null,
      "nuts": Array [],
      "postal_code": "LQA 05",
      "region": "",
      "town": "LUQA",
    },
    Object {
      "address": "IGLO UTCA 33 35",
      "centroid": null,
      "country_code": "HU",
      "location": null,
      "nuts": Array [],
      "postal_code": "1185",
      "region": "",
      "town": "BUDAPEST",
    },
    Object {
      "address": "-",
      "centroid": null,
      "country_code": "ES",
      "location": null,
      "nuts": Array [],
      "postal_code": "",
      "region": "",
      "town": "-",
    },
    Object {
      "address": "EVERT VAN DE BEEKSTRAAT 202",
      "centroid": null,
      "country_code": "NL",
      "location": null,
      "nuts": Array [],
      "postal_code": "1118 CP",
      "region": "",
      "town": "LUCHTHAVEN SCHIPHOL",
    },
    Object {
      "address": "ZGORNJI BRNIK 130N",
      "centroid": null,
      "country_code": "SI",
      "location": null,
      "nuts": Array [],
      "postal_code": "4210",
      "region": "",
      "town": "ZGORNJI BRNIK",
    },
    Object {
      "address": "IVANSKA CESTA 93",
      "centroid": null,
      "country_code": "SK",
      "location": null,
      "nuts": Array [],
      "postal_code": "823 07",
      "region": "",
      "town": "BRATISLAVA",
    },
    Object {
      "address": "DOLIER STREET 11-12 THE TIMES",
      "centroid": null,
      "country_code": "IE",
      "location": null,
      "nuts": Array [],
      "postal_code": "2",
      "region": "",
      "town": "DUBLIN",
    },
  ],
  "project_website": "",
  "related_links": Array [],
  "reporting_organisation": "BUDG",
  "results": Object {
    "available": "",
    "result": "",
  },
  "status": "",
  "sub_programme_name": "",
  "success_story": "",
  "themes": Array [],
  "third_parties": Array [
    Object {
      "address": "",
      "country": "",
      "email": "",
      "name": undefined,
      "phone": "",
      "region": "",
      "role": "participant",
      "type": "",
      "website": "",
    },
    Object {
      "address": "",
      "country": "",
      "email": "",
      "name": undefined,
      "phone": "",
      "region": "",
      "role": "participant",
      "type": "",
      "website": "",
    },
    Object {
      "address": "",
      "country": "",
      "email": "",
      "name": undefined,
      "phone": "",
      "region": "",
      "role": "participant",
      "type": "",
      "website": "",
    },
    Object {
      "address": "",
      "country": "",
      "email": "",
      "name": undefined,
      "phone": "",
      "region": "",
      "role": "participant",
      "type": "",
      "website": "",
    },
    Object {
      "address": "",
      "country": "",
      "email": "",
      "name": undefined,
      "phone": "",
      "region": "",
      "role": "participant",
      "type": "",
      "website": "",
    },
    Object {
      "address": "",
      "country": "",
      "email": "",
      "name": undefined,
      "phone": "",
      "region": "",
      "role": "participant",
      "type": "",
      "website": "",
    },
    Object {
      "address": "",
      "country": "",
      "email": "",
      "name": undefined,
      "phone": "",
      "region": "",
      "role": "participant",
      "type": "",
      "website": "",
    },
    Object {
      "address": "",
      "country": "",
      "email": "",
      "name": undefined,
      "phone": "",
      "region": "",
      "role": "participant",
      "type": "",
      "website": "",
    },
    Object {
      "address": "",
      "country": "",
      "email": "",
      "name": undefined,
      "phone": "",
      "region": "",
      "role": "participant",
      "type": "",
      "website": "",
    },
    Object {
      "address": "",
      "country": "",
      "email": "",
      "name": undefined,
      "phone": "",
      "region": "",
      "role": "participant",
      "type": "",
      "website": "",
    },
    Object {
      "address": "",
      "country": "",
      "email": "",
      "name": undefined,
      "phone": "",
      "region": "",
      "role": "participant",
      "type": "",
      "website": "",
    },
    Object {
      "address": "",
      "country": "",
      "email": "",
      "name": undefined,
      "phone": "",
      "region": "",
      "role": "participant",
      "type": "",
      "website": "",
    },
    Object {
      "address": "",
      "country": "",
      "email": "",
      "name": undefined,
      "phone": "",
      "region": "",
      "role": "participant",
      "type": "",
      "website": "",
    },
    Object {
      "address": "",
      "country": "",
      "email": "",
      "name": undefined,
      "phone": "",
      "region": "",
      "role": "participant",
      "type": "",
      "website": "",
    },
    Object {
      "address": "",
      "country": "",
      "email": "",
      "name": undefined,
      "phone": "",
      "region": "",
      "role": "participant",
      "type": "",
      "website": "",
    },
    Object {
      "address": "",
      "country": "",
      "email": "",
      "name": undefined,
      "phone": "",
      "region": "",
      "role": "participant",
      "type": "",
      "website": "",
    },
    Object {
      "address": "",
      "country": "",
      "email": "",
      "name": undefined,
      "phone": "",
      "region": "",
      "role": "participant",
      "type": "",
      "website": "",
    },
    Object {
      "address": "",
      "country": "",
      "email": "",
      "name": undefined,
      "phone": "",
      "region": "",
      "role": "participant",
      "type": "",
      "website": "",
    },
    Object {
      "address": "",
      "country": "",
      "email": "",
      "name": undefined,
      "phone": "",
      "region": "",
      "role": "participant",
      "type": "",
      "website": "",
    },
    Object {
      "address": "",
      "country": "",
      "email": "",
      "name": undefined,
      "phone": "",
      "region": "",
      "role": "participant",
      "type": "",
      "website": "",
    },
    Object {
      "address": "",
      "country": "",
      "email": "",
      "name": undefined,
      "phone": "",
      "region": "",
      "role": "participant",
      "type": "",
      "website": "",
    },
    Object {
      "address": "",
      "country": "",
      "email": "",
      "name": undefined,
      "phone": "",
      "region": "",
      "role": "participant",
      "type": "",
      "website": "",
    },
    Object {
      "address": "",
      "country": "",
      "email": "",
      "name": undefined,
      "phone": "",
      "region": "",
      "role": "participant",
      "type": "",
      "website": "",
    },
    Object {
      "address": "",
      "country": "",
      "email": "",
      "name": undefined,
      "phone": "",
      "region": "",
      "role": "participant",
      "type": "",
      "website": "",
    },
    Object {
      "address": "",
      "country": "",
      "email": "",
      "name": undefined,
      "phone": "",
      "region": "",
      "role": "participant",
      "type": "",
      "website": "",
    },
    Object {
      "address": "",
      "country": "",
      "email": "",
      "name": undefined,
      "phone": "",
      "region": "",
      "role": "participant",
      "type": "",
      "website": "",
    },
    Object {
      "address": "",
      "country": "",
      "email": "",
      "name": undefined,
      "phone": "",
      "region": "",
      "role": "participant",
      "type": "",
      "website": "",
    },
    Object {
      "address": "",
      "country": "",
      "email": "",
      "name": undefined,
      "phone": "",
      "region": "",
      "role": "participant",
      "type": "",
      "website": "",
    },
    Object {
      "address": "",
      "country": "",
      "email": "",
      "name": undefined,
      "phone": "",
      "region": "",
      "role": "participant",
      "type": "",
      "website": "",
    },
    Object {
      "address": "",
      "country": "",
      "email": "",
      "name": undefined,
      "phone": "",
      "region": "",
      "role": "participant",
      "type": "",
      "website": "",
    },
    Object {
      "address": "",
      "country": "",
      "email": "",
      "name": undefined,
      "phone": "",
      "region": "",
      "role": "participant",
      "type": "",
      "website": "",
    },
    Object {
      "address": "",
      "country": "",
      "email": "",
      "name": undefined,
      "phone": "",
      "region": "",
      "role": "participant",
      "type": "",
      "website": "",
    },
    Object {
      "address": "",
      "country": "",
      "email": "",
      "name": undefined,
      "phone": "",
      "region": "",
      "role": "participant",
      "type": "",
      "website": "",
    },
    Object {
      "address": "",
      "country": "",
      "email": "",
      "name": undefined,
      "phone": "",
      "region": "",
      "role": "participant",
      "type": "",
      "website": "",
    },
    Object {
      "address": "",
      "country": "",
      "email": "",
      "name": undefined,
      "phone": "",
      "region": "",
      "role": "participant",
      "type": "",
      "website": "",
    },
    Object {
      "address": "",
      "country": "",
      "email": "",
      "name": undefined,
      "phone": "",
      "region": "",
      "role": "participant",
      "type": "",
      "website": "",
    },
    Object {
      "address": "",
      "country": "",
      "email": "",
      "name": undefined,
      "phone": "",
      "region": "",
      "role": "participant",
      "type": "",
      "website": "",
    },
    Object {
      "address": "",
      "country": "",
      "email": "",
      "name": undefined,
      "phone": "",
      "region": "",
      "role": "participant",
      "type": "",
      "website": "",
    },
    Object {
      "address": "",
      "country": "",
      "email": "",
      "name": undefined,
      "phone": "",
      "region": "",
      "role": "coordinator",
      "type": "",
      "website": "",
    },
    Object {
      "address": "",
      "country": "",
      "email": "",
      "name": undefined,
      "phone": "",
      "region": "",
      "role": "participant",
      "type": "",
      "website": "",
    },
    Object {
      "address": "",
      "country": "",
      "email": "",
      "name": undefined,
      "phone": "",
      "region": "",
      "role": "participant",
      "type": "",
      "website": "",
    },
    Object {
      "address": "",
      "country": "",
      "email": "",
      "name": undefined,
      "phone": "",
      "region": "",
      "role": "participant",
      "type": "",
      "website": "",
    },
    Object {
      "address": "",
      "country": "",
      "email": "",
      "name": undefined,
      "phone": "",
      "region": "",
      "role": "participant",
      "type": "",
      "website": "",
    },
    Object {
      "address": "",
      "country": "",
      "email": "",
      "name": undefined,
      "phone": "",
      "region": "",
      "role": "participant",
      "type": "",
      "website": "",
    },
    Object {
      "address": "",
      "country": "",
      "email": "",
      "name": undefined,
      "phone": "",
      "region": "",
      "role": "participant",
      "type": "",
      "website": "",
    },
    Object {
      "address": "",
      "country": "",
      "email": "",
      "name": undefined,
      "phone": "",
      "region": "",
      "role": "participant",
      "type": "",
      "website": "",
    },
    Object {
      "address": "",
      "country": "",
      "email": "",
      "name": undefined,
      "phone": "",
      "region": "",
      "role": "participant",
      "type": "",
      "website": "",
    },
    Object {
      "address": "",
      "country": "",
      "email": "",
      "name": undefined,
      "phone": "",
      "region": "",
      "role": "participant",
      "type": "",
      "website": "",
    },
    Object {
      "address": "",
      "country": "",
      "email": "",
      "name": undefined,
      "phone": "",
      "region": "",
      "role": "participant",
      "type": "",
      "website": "",
    },
    Object {
      "address": "",
      "country": "",
      "email": "",
      "name": undefined,
      "phone": "",
      "region": "",
      "role": "participant",
      "type": "",
      "website": "",
    },
    Object {
      "address": "",
      "country": "",
      "email": "",
      "name": undefined,
      "phone": "",
      "region": "",
      "role": "participant",
      "type": "",
      "website": "",
    },
    Object {
      "address": "",
      "country": "",
      "email": "",
      "name": undefined,
      "phone": "",
      "region": "",
      "role": "participant",
      "type": "",
      "website": "",
    },
    Object {
      "address": "",
      "country": "",
      "email": "",
      "name": undefined,
      "phone": "",
      "region": "",
      "role": "participant",
      "type": "",
      "website": "",
    },
    Object {
      "address": "",
      "country": "",
      "email": "",
      "name": undefined,
      "phone": "",
      "region": "",
      "role": "participant",
      "type": "",
      "website": "",
    },
    Object {
      "address": "",
      "country": "",
      "email": "",
      "name": undefined,
      "phone": "",
      "region": "",
      "role": "participant",
      "type": "",
      "website": "",
    },
    Object {
      "address": "",
      "country": "",
      "email": "",
      "name": undefined,
      "phone": "",
      "region": "",
      "role": "participant",
      "type": "",
      "website": "",
    },
    Object {
      "address": "",
      "country": "",
      "email": "",
      "name": undefined,
      "phone": "",
      "region": "",
      "role": "participant",
      "type": "",
      "website": "",
    },
    Object {
      "address": "",
      "country": "",
      "email": "",
      "name": undefined,
      "phone": "",
      "region": "",
      "role": "participant",
      "type": "",
      "website": "",
    },
  ],
  "timeframe": Object {
    "from": null,
    "from_precision": "year",
    "to": null,
    "to_precision": "year",
  },
  "title": "",
  "type": Array [],
}
`;
