// Jest Snapshot v1, https://goo.gl/fbAQLP

exports[`Inforegio JSON transformer Produces correct JSON output structure 1`] = `
Object {
  "budget": Object {
    "eu_contrib": 157000000,
    "funding_area": null,
    "other_contrib": null,
    "private_fund": null,
    "public_fund": null,
    "total_cost": 329000000,
  },
  "partners": Array [
    Object {
      "address": "",
      "country": undefined,
      "name": undefined,
      "region": null,
      "type": null,
      "website": null,
    },
  ],
  "period": "2000-2006",
  "project_id": "75",
  "project_locations": Array [
    Object {
      "country_code": "EL",
      "country_name": null,
      "location": Object {
        "lat": 0,
        "lon": 0,
      },
      "nuts2": "EL0",
      "region": "GREECE",
    },
  ],
  "project_website": "http://ec.europa.eu/regional_policy/en/projects/greece/on-the-tracks-of-hercules",
  "publication_date": "2003-12-31T23:00:00.000Z",
  "themes": null,
  "timeframe": Object {
    "from": null,
    "to": null,
  },
  "title": "On the tracks of Hercules",
  "type": Array [
    "Standard",
  ],
}
`;
