// Jest Snapshot v1, https://goo.gl/fbAQLP

exports[`Inforegio JSON transformer Produces correct JSON output structure 1`] = `
Object {
  "budget": Object {
    "eu_contrib": 3724599,
    "funding_area": "European Regional Development Fund",
    "other_contrib": null,
    "private_fund": null,
    "public_fund": null,
    "total_cost": 9233813,
  },
  "partners": Array [
    Object {
      "address": "Innovatietoren 3-N Sint Jansweg 15, 5928, RC  Venlo",
      "country": "NL",
      "name": "Stichting Grensoverschrijdende Innovatie CrossRoads",
      "region": null,
      "type": null,
      "website": null,
    },
  ],
  "period": "2007-2013",
  "project_id": "3973",
  "project_locations": Array [
    Object {
      "country_code": "BE",
      "country_name": null,
      "location": Object {
        "lat": 0,
        "lon": 0,
      },
      "nuts2": null,
      "region": null,
    },
    Object {
      "country_code": "BE",
      "country_name": null,
      "location": Object {
        "lat": 0,
        "lon": 0,
      },
      "nuts2": null,
      "region": null,
    },
    Object {
      "country_code": "BE",
      "country_name": null,
      "location": Object {
        "lat": 0,
        "lon": 0,
      },
      "nuts2": null,
      "region": null,
    },
    Object {
      "country_code": "BE",
      "country_name": null,
      "location": Object {
        "lat": 0,
        "lon": 0,
      },
      "nuts2": null,
      "region": null,
    },
    Object {
      "country_code": "BE",
      "country_name": null,
      "location": Object {
        "lat": 0,
        "lon": 0,
      },
      "nuts2": null,
      "region": null,
    },
    Object {
      "country_code": "NL",
      "country_name": null,
      "location": Object {
        "lat": 0,
        "lon": 0,
      },
      "nuts2": null,
      "region": null,
    },
    Object {
      "country_code": "NL",
      "country_name": null,
      "location": Object {
        "lat": 0,
        "lon": 0,
      },
      "nuts2": null,
      "region": null,
    },
    Object {
      "country_code": "NL",
      "country_name": null,
      "location": Object {
        "lat": 0,
        "lon": 0,
      },
      "nuts2": null,
      "region": null,
    },
  ],
  "project_website": "http://ec.europa.eu/regional_policy/en/projects/europe/enriched-network-crosses-more-than-borders-between-belgium-and-the-netherlands",
  "publication_date": "2016-09-06T22:00:00.000Z",
  "themes": Array [
    "Innovation, Research and Technological Development",
    "Regiostars Finalists",
    "Territorial Co-operation",
  ],
  "timeframe": Object {
    "from": "2010-06-30T22:00:00.000Z",
    "to": "2014-12-30T23:00:00.000Z",
  },
  "title": "Enriched network crosses more than borders between Belgium and the Netherlands",
  "type": Array [
    "Standard",
  ],
}
`;
