// Jest Snapshot v1, https://goo.gl/fbAQLP

exports[`2014tc16rfcb014 CSV transformer Produces correct JSON output structure 1`] = `
Object {
  "action": "",
  "budget": Object {},
  "call_year": "",
  "complete": false,
  "description": "",
  "ec_priorities": Array [],
  "media": Array [],
  "programme_name": "",
  "project_id": "",
  "project_locations": "",
  "project_website": "",
  "related_links": Array [],
  "reporting_organisation": "Member states",
  "results": Object {
    "available": "",
    "result": "",
  },
  "status": "",
  "sub_programme_name": "",
  "success_story": "",
  "themes": Array [],
  "third_parties": Array [],
  "timeframe": Object {},
  "title": "",
  "type": Array [],
}
`;
