// Jest Snapshot v1, https://goo.gl/fbAQLP

exports[`DG EAC CSV transformer Produces correct JSON output structure for CoopIndustrialisedCountries_Projects_Overview 1`] = `
Object {
  "action": "",
  "budget": Object {
    "eu_contrib": Object {
      "currency": "",
      "raw": "",
      "value": 0,
    },
    "funding_area": Array [],
    "mmf_heading": "",
    "other_contrib": Object {
      "currency": "",
      "raw": "",
      "value": 0,
    },
    "private_fund": Object {
      "currency": "",
      "raw": "",
      "value": 0,
    },
    "public_fund": Object {
      "currency": "",
      "raw": "",
      "value": 0,
    },
    "total_cost": Object {
      "currency": "",
      "raw": "",
      "value": 0,
    },
  },
  "call_year": "",
  "complete": true,
  "description": "Using the successful model of airline alliances, the EU/Korea Leadership Alliance (EUKLA) will establish a framework
within which international activities between the EU and Korea will be promoted, recorded, recognized, and rewarded.
With involvement from key industries with vested links in the EU and Korea, EUKLA will establish clear point-based
pathways to engage engineering and business students in international activities leading to recognized outcomes with
real career benefits. A total of 84 EU students and 60 Korean students will participate in the mobility component to
accumulate overseas activity points, covering intercultural activities, foreign language acquisition, industrial placements,
and research activities. Completion of a pathway will then be acknowledged with a special EUKLA award status: silver,
gold, or platinum, jointly recognized by all the university, industry, embassy, and local government partners. As a result,
EUKLA will build a strong synergy between the partners to promote mobility, recognize achievement, and meet the
needs of EU/Korean industry, thereby securing the long-term growth and success of EU/Korean relations.",
  "ec_priorities": Array [],
  "media": Array [],
  "programme_name": "Education and training\\\\External Programmes and Policies\\\\Co-operation with industrialised countries\\\\Co-operation with other industrialised countries",
  "project_id": "EACEA-168191",
  "project_locations": Array [
    Object {
      "address": "",
      "centroid": null,
      "country_code": "PL",
      "location": null,
      "nuts": Array [],
      "postal_code": "",
      "region": "",
      "town": "",
    },
    Object {
      "address": "",
      "centroid": null,
      "country_code": "HU",
      "location": null,
      "nuts": Array [],
      "postal_code": "",
      "region": "",
      "town": "",
    },
    Object {
      "address": "",
      "centroid": null,
      "country_code": "LT",
      "location": null,
      "nuts": Array [],
      "postal_code": "",
      "region": "",
      "town": "",
    },
    Object {
      "address": "",
      "centroid": null,
      "country_code": "DE",
      "location": null,
      "nuts": Array [],
      "postal_code": "",
      "region": "",
      "town": "",
    },
    Object {
      "address": "",
      "centroid": null,
      "country_code": "KR",
      "location": null,
      "nuts": Array [],
      "postal_code": "",
      "region": "",
      "town": "",
    },
  ],
  "project_website": "",
  "related_links": Array [],
  "reporting_organisation": "EAC",
  "results": Object {
    "available": "No",
    "result": "https://ec.europa.eu/programmes/erasmus-plus/projects/eplus-project-details/#project/168191-EM-1-2009-1-PL-ERA MUNDUS-ICI",
  },
  "status": "",
  "sub_programme_name": "",
  "success_story": "No",
  "themes": Array [],
  "third_parties": Array [
    Object {
      "address": "Pl. Politechniki, 1,  00661,  WARSZAW",
      "country": "PL",
      "email": "",
      "name": "",
      "phone": "",
      "region": "",
      "role": "coordinator",
      "type": "",
      "website": "",
    },
    Object {
      "address": "Müegyetem rkp 3-9  1111 BUDAPEST",
      "country": "HU",
      "email": "",
      "name": "BUDAPEST UNIVERSITY OF TECHNOLOGY AND ECONOMICS",
      "phone": "",
      "region": "",
      "role": "partner",
      "type": "",
      "website": "",
    },
    Object {
      "address": "Saulétekio al.11  10223 VILNIUS",
      "country": "LT",
      "email": "",
      "name": "VILNIUS GEDIMINAS TECHNICAL UNIVERSITY",
      "phone": "",
      "region": "",
      "role": "partner",
      "type": "",
      "website": "",
    },
    Object {
      "address": "Max-Planck Str. 39  74081 HEILBRONN",
      "country": "DE",
      "email": "",
      "name": "UNIVERSITY OF APPLIED SCIENCES HEILBRONN",
      "phone": "",
      "region": "",
      "role": "partner",
      "type": "",
      "website": "",
    },
    Object {
      "address": "Daehak-ro 102, Nam-gu   ULSAN",
      "country": "KR",
      "email": "",
      "name": "UNIVERSITY OF ULSAN",
      "phone": "",
      "region": "",
      "role": "partner",
      "type": "",
      "website": "",
    },
    Object {
      "address": "1370 Sankyuk-dong, Buk-gu  702-701 DAEGU",
      "country": "KR",
      "email": "",
      "name": "KYUNGPOOK NATIONAL UNIVERSITY",
      "phone": "",
      "region": "",
      "role": "partner",
      "type": "",
      "website": "",
    },
    Object {
      "address": "1 Yangho-dong Gumi Gyeongbuk-do  730-701 GYEONGBUK-DO",
      "country": "KR",
      "email": "",
      "name": "KUMOH NATIONAL INSTITUTE OF TECHNOLOGY",
      "phone": "",
      "region": "",
      "role": "partner",
      "type": "",
      "website": "",
    },
  ],
  "timeframe": Object {
    "from": null,
    "from_precision": "day",
    "to": null,
    "to_precision": "day",
  },
  "title": "KR - EUKLA - European Korean Leadership Alliance",
  "type": Array [],
}
`;
