// Jest Snapshot v1, https://goo.gl/fbAQLP

exports[`XLS transformer for WIFI4EU Produces correct JSON output structure 1`] = `
Object {
  "action": "",
  "budget": Object {
    "eu_contrib": Object {
      "currency": "EUR",
      "raw": "",
      "value": 0,
    },
    "funding_area": Array [],
    "mmf_heading": "",
    "other_contrib": Object {
      "currency": "",
      "raw": "",
      "value": 0,
    },
    "private_fund": Object {
      "currency": "",
      "raw": "",
      "value": 0,
    },
    "public_fund": Object {
      "currency": "",
      "raw": "",
      "value": 0,
    },
    "total_cost": Object {
      "currency": "",
      "raw": "",
      "value": 0,
    },
  },
  "call_year": "2018",
  "coordinators": Array [],
  "description": "The European Commission wishes to promote free Wi-Fi connectivity for citizens and visitors in public spaces such as parks, squares, public building, libraries, health centres, and museums everywhere in Europe through WiFi4EU.",
  "ec_priorities": Array [],
  "media": Object {
    "cover_image": "",
    "video": "",
  },
  "partners": Array [
    Object {
      "address": "",
      "country": "",
      "name": "Долни чифлик-Dolni chiflik",
      "region": "",
      "type": "",
      "website": "",
    },
  ],
  "programme_name": "",
  "project_id": "0c9b7d4d16a2a667f8b624c682df8d7f",
  "project_locations": Array [
    Object {
      "address": "гр. Долни чифлик, пл. \\"Тича\\" №1",
      "centroid": null,
      "country_code": "BG",
      "location": null,
      "nuts2": "",
      "postal_code": "9120",
      "region": "",
      "town": "",
    },
  ],
  "project_website": "https://www.wifi4eu.eu",
  "related_links": Array [
    Object {
      "label": "",
      "url": "",
    },
  ],
  "results": Object {
    "available": "",
    "result": "",
  },
  "status": "",
  "sub_programme_name": "",
  "success_story": "",
  "themes": Array [],
  "timeframe": Object {
    "from": "2018-03-22T00:00:00.000Z",
    "to": null,
  },
  "title": "Wifi4EU - Registrations",
  "type": Array [],
}
`;
