// Jest Snapshot v1, https://goo.gl/fbAQLP

exports[`XLS transformer for WIFI4EU Produces correct JSON output structure 1`] = `
Object {
  "action": "",
  "budget": Object {},
  "call_year": "",
  "coordinators": Array [],
  "description": "",
  "ec_priorities": Array [],
  "media": Object {
    "cover_image": "",
    "video": "",
  },
  "partners": Array [],
  "programme_name": "",
  "project_id": "",
  "project_locations": Array [],
  "project_website": "",
  "related_links": Array [],
  "results": Object {},
  "status": "",
  "sub_programme_name": "",
  "success_story": "",
  "themes": Array [],
  "timeframe": Object {
    "from": "",
    "to": "",
  },
  "title": "",
  "type": Array [],
}
`;
